// Jest Snapshot v1, https://goo.gl/fbAQLP

exports[`renders demo correctly 1`] = `
<div>
  <div>
    <div class="win-cell-group win-hairline--top-bottom win-panel">
      <div class="win-cell win-panel__header">
        <div class="win-cell__title"><span>标题</span>
          <div class="win-cell__label">描述信息</div>
        </div>
        <div class="win-cell__value win-panel__header-value"><span>状态</span></div>
      </div>
      <div class="win-panel__content">
        <div>内容</div>
      </div>
    </div>
  </div>
  <div>
    <div class="win-cell-group win-hairline--top-bottom win-panel">
      <div class="win-cell win-panel__header">
        <div class="win-cell__title"><span>标题</span>
          <div class="win-cell__label">描述信息</div>
        </div>
        <div class="win-cell__value win-panel__header-value"><span>状态</span></div>
      </div>
      <div class="win-panel__content">
        <div>内容</div>
      </div>
      <div class="win-panel__footer win-hairline--top"><button class="win-button win-button--default win-button--small">
          <div class="win-button__content"><span class="win-button__text">按钮</span></div>
        </button> <button class="win-button win-button--danger win-button--small">
          <div class="win-button__content"><span class="win-button__text">
          按钮
        </span></div>
        </button></div>
    </div>
  </div>
</div>
`;
