// Jest Snapshot v1, https://goo.gl/fbAQLP

exports[`icon-prefix prop 1`] = `
<button class="win-button win-button--default win-button--normal">
  <div class="win-button__content"><i class="my-icon my-icon-success win-button__icon">
      <!----></i></div>
</button>
`;

exports[`loading-size prop 1`] = `
<button class="win-button win-button--default win-button--normal win-button--loading">
  <div class="win-button__content">
    <div class="win-loading win-loading--circular win-button__loading"><span class="win-loading__spinner win-loading__spinner--circular" style="color: currentColor; width: 10px; height: 10px;"><svg viewBox="25 25 50 50" class="win-loading__circular"><circle cx="50" cy="50" r="20" fill="none"></circle></svg></span></div>
  </div>
</button>
`;
