// Jest Snapshot v1, https://goo.gl/fbAQLP

exports[`renders demo correctly 1`] = `
<div>
  <div class="win-cell win-cell--center">
    <div class="win-cell__title"><span>基础用法</span></div>
    <div class="win-cell__value">
      <div class="win-stepper"><button type="button" class="win-stepper__minus win-stepper__minus--disabled"></button><input type="text" role="spinbutton" inputmode="decimal" aria-valuemax="Infinity" aria-valuemin="1" aria-valuenow="1" class="win-stepper__input"><button type="button" class="win-stepper__plus"></button></div>
    </div>
  </div>
  <div class="win-cell win-cell--center">
    <div class="win-cell__title"><span>步长设置</span></div>
    <div class="win-cell__value">
      <div class="win-stepper"><button type="button" class="win-stepper__minus win-stepper__minus--disabled"></button><input type="text" role="spinbutton" inputmode="decimal" aria-valuemax="Infinity" aria-valuemin="1" aria-valuenow="1" class="win-stepper__input"><button type="button" class="win-stepper__plus"></button></div>
    </div>
  </div>
  <div class="win-cell win-cell--center">
    <div class="win-cell__title"><span>限制输入范围</span></div>
    <div class="win-cell__value">
      <div class="win-stepper"><button type="button" class="win-stepper__minus win-stepper__minus--disabled"></button><input type="text" role="spinbutton" inputmode="decimal" aria-valuemax="8" aria-valuemin="5" aria-valuenow="5" class="win-stepper__input"><button type="button" class="win-stepper__plus"></button></div>
    </div>
  </div>
  <div class="win-cell win-cell--center">
    <div class="win-cell__title"><span>限制输入整数</span></div>
    <div class="win-cell__value">
      <div class="win-stepper"><button type="button" class="win-stepper__minus win-stepper__minus--disabled"></button><input type="tel" role="spinbutton" inputmode="numeric" aria-valuemax="Infinity" aria-valuemin="1" aria-valuenow="1" class="win-stepper__input"><button type="button" class="win-stepper__plus"></button></div>
    </div>
  </div>
  <div class="win-cell win-cell--center">
    <div class="win-cell__title"><span>禁用状态</span></div>
    <div class="win-cell__value">
      <div class="win-stepper"><button type="button" class="win-stepper__minus win-stepper__minus--disabled"></button><input type="text" role="spinbutton" disabled="disabled" inputmode="decimal" aria-valuemax="Infinity" aria-valuemin="1" aria-valuenow="1" class="win-stepper__input"><button type="button" class="win-stepper__plus win-stepper__plus--disabled"></button></div>
    </div>
  </div>
  <div class="win-cell win-cell--center">
    <div class="win-cell__title"><span>禁用输入框</span></div>
    <div class="win-cell__value">
      <div class="win-stepper"><button type="button" class="win-stepper__minus win-stepper__minus--disabled"></button><input type="text" role="spinbutton" readonly="readonly" inputmode="decimal" aria-valuemax="Infinity" aria-valuemin="1" aria-valuenow="1" class="win-stepper__input"><button type="button" class="win-stepper__plus"></button></div>
    </div>
  </div>
  <div class="win-cell win-cell--center">
    <div class="win-cell__title"><span>固定小数位数</span></div>
    <div class="win-cell__value">
      <div class="win-stepper"><button type="button" class="win-stepper__minus win-stepper__minus--disabled"></button><input type="text" role="spinbutton" inputmode="decimal" aria-valuemax="Infinity" aria-valuemin="1" aria-valuenow="1.0" class="win-stepper__input"><button type="button" class="win-stepper__plus"></button></div>
    </div>
  </div>
  <div class="win-cell win-cell--center">
    <div class="win-cell__title"><span>自定义大小</span></div>
    <div class="win-cell__value">
      <div class="win-stepper"><button type="button" class="win-stepper__minus win-stepper__minus--disabled" style="width: 32px; height: 32px;"></button><input type="text" role="spinbutton" inputmode="decimal" aria-valuemax="Infinity" aria-valuemin="1" aria-valuenow="1" class="win-stepper__input" style="width: 40px; height: 32px;"><button type="button" class="win-stepper__plus" style="width: 32px; height: 32px;"></button></div>
    </div>
  </div>
  <div class="win-cell win-cell--center">
    <div class="win-cell__title"><span>异步变更</span></div>
    <div class="win-cell__value">
      <div class="win-stepper"><button type="button" class="win-stepper__minus win-stepper__minus--disabled"></button><input type="text" role="spinbutton" inputmode="decimal" aria-valuemax="Infinity" aria-valuemin="1" aria-valuenow="1" class="win-stepper__input"><button type="button" class="win-stepper__plus"></button></div>
    </div>
  </div>
  <div class="win-cell win-cell--center">
    <div class="win-cell__title"><span>圆角风格</span></div>
    <div class="win-cell__value">
      <div class="win-stepper win-stepper--round"><button type="button" class="win-stepper__minus win-stepper__minus--disabled" style="width: 22px; height: 22px;"></button><input type="text" role="spinbutton" readonly="readonly" inputmode="decimal" aria-valuemax="Infinity" aria-valuemin="1" aria-valuenow="1" class="win-stepper__input" style="height: 22px;"><button type="button" class="win-stepper__plus" style="width: 22px; height: 22px;"></button></div>
    </div>
  </div>
</div>
`;
