// Jest Snapshot v1, https://goo.gl/fbAQLP

exports[`renders demo correctly 1`] = `
<div>
  <div>
    <div role="checkbox" tabindex="0" aria-checked="true" class="win-checkbox">
      <div class="win-checkbox__icon win-checkbox__icon--round win-checkbox__icon--checked"><i class="win-icon win-icon-success">
          <!----></i></div><span class="win-checkbox__label">复选框</span>
    </div>
  </div>
  <div>
    <div role="checkbox" tabindex="-1" aria-checked="false" class="win-checkbox win-checkbox--disabled">
      <div class="win-checkbox__icon win-checkbox__icon--round win-checkbox__icon--disabled"><i class="win-icon win-icon-success">
          <!----></i></div><span class="win-checkbox__label win-checkbox__label--disabled">
      复选框
    </span>
    </div>
    <div role="checkbox" tabindex="-1" aria-checked="true" class="win-checkbox win-checkbox--disabled">
      <div class="win-checkbox__icon win-checkbox__icon--round win-checkbox__icon--disabled win-checkbox__icon--checked"><i class="win-icon win-icon-success">
          <!----></i></div><span class="win-checkbox__label win-checkbox__label--disabled">
      复选框
    </span>
    </div>
  </div>
  <div>
    <div role="checkbox" tabindex="0" aria-checked="true" class="win-checkbox">
      <div class="win-checkbox__icon win-checkbox__icon--square win-checkbox__icon--checked"><i class="win-icon win-icon-success">
          <!----></i></div><span class="win-checkbox__label">
      自定义颜色
    </span>
    </div>
  </div>
  <div>
    <div role="checkbox" tabindex="0" aria-checked="true" class="win-checkbox">
      <div class="win-checkbox__icon win-checkbox__icon--round win-checkbox__icon--checked"><i class="win-icon win-icon-success" style="border-color: #07c160; background-color: rgb(7, 193, 96);">
          <!----></i></div><span class="win-checkbox__label">
      自定义颜色
    </span>
    </div>
  </div>
  <div>
    <div role="checkbox" tabindex="0" aria-checked="true" class="win-checkbox">
      <div class="win-checkbox__icon win-checkbox__icon--round win-checkbox__icon--checked" style="font-size: 24px;"><i class="win-icon win-icon-success">
          <!----></i></div><span class="win-checkbox__label">
      自定义大小
    </span>
    </div>
  </div>
  <div>
    <div role="checkbox" tabindex="0" aria-checked="true" class="win-checkbox">
      <div class="win-checkbox__icon win-checkbox__icon--round win-checkbox__icon--checked"><img src="https://img.yzcdn.cn/vant/user-active.png"></div><span class="win-checkbox__label">
      自定义图标
      </span>
    </div>
  </div>
  <div>
    <div role="checkbox" tabindex="0" aria-checked="true" class="win-checkbox win-checkbox--label-disabled">
      <div class="win-checkbox__icon win-checkbox__icon--round win-checkbox__icon--checked"><i class="win-icon win-icon-success">
          <!----></i></div><span class="win-checkbox__label">
      复选框
    </span>
    </div>
  </div>
  <div>
    <div class="win-checkbox-group">
      <div role="checkbox" tabindex="0" aria-checked="true" class="win-checkbox">
        <div class="win-checkbox__icon win-checkbox__icon--round win-checkbox__icon--checked"><i class="win-icon win-icon-success">
            <!----></i></div><span class="win-checkbox__label">复选框 a</span>
      </div>
      <div role="checkbox" tabindex="0" aria-checked="true" class="win-checkbox">
        <div class="win-checkbox__icon win-checkbox__icon--round win-checkbox__icon--checked"><i class="win-icon win-icon-success">
            <!----></i></div><span class="win-checkbox__label">复选框 b</span>
      </div>
    </div>
  </div>
  <div>
    <div class="win-checkbox-group win-checkbox-group--horizontal">
      <div role="checkbox" tabindex="0" aria-checked="false" class="win-checkbox win-checkbox--horizontal">
        <div class="win-checkbox__icon win-checkbox__icon--round"><i class="win-icon win-icon-success">
            <!----></i></div><span class="win-checkbox__label">复选框 a</span>
      </div>
      <div role="checkbox" tabindex="0" aria-checked="false" class="win-checkbox win-checkbox--horizontal">
        <div class="win-checkbox__icon win-checkbox__icon--round"><i class="win-icon win-icon-success">
            <!----></i></div><span class="win-checkbox__label">复选框 b</span>
      </div>
    </div>
  </div>
  <div>
    <div class="win-checkbox-group">
      <div role="checkbox" tabindex="0" aria-checked="false" class="win-checkbox">
        <div class="win-checkbox__icon win-checkbox__icon--round"><i class="win-icon win-icon-success">
            <!----></i></div><span class="win-checkbox__label">复选框 a</span>
      </div>
      <div role="checkbox" tabindex="0" aria-checked="false" class="win-checkbox">
        <div class="win-checkbox__icon win-checkbox__icon--round"><i class="win-icon win-icon-success">
            <!----></i></div><span class="win-checkbox__label">复选框 b</span>
      </div>
      <div role="checkbox" tabindex="0" aria-checked="false" class="win-checkbox">
        <div class="win-checkbox__icon win-checkbox__icon--round"><i class="win-icon win-icon-success">
            <!----></i></div><span class="win-checkbox__label">复选框 c</span>
      </div>
    </div>
  </div>
  <div>
    <div class="win-checkbox-group">
      <div role="checkbox" tabindex="0" aria-checked="false" class="win-checkbox">
        <div class="win-checkbox__icon win-checkbox__icon--round"><i class="win-icon win-icon-success">
            <!----></i></div><span class="win-checkbox__label">复选框 a</span>
      </div>
      <div role="checkbox" tabindex="0" aria-checked="false" class="win-checkbox">
        <div class="win-checkbox__icon win-checkbox__icon--round"><i class="win-icon win-icon-success">
            <!----></i></div><span class="win-checkbox__label">复选框 b</span>
      </div>
      <div role="checkbox" tabindex="0" aria-checked="false" class="win-checkbox">
        <div class="win-checkbox__icon win-checkbox__icon--round"><i class="win-icon win-icon-success">
            <!----></i></div><span class="win-checkbox__label">复选框 c</span>
      </div>
    </div>
    <div class="demo-checkbox-buttons"><button class="win-button win-button--primary win-button--normal">
        <div class="win-button__content"><span class="win-button__text">
        全选
      </span></div>
      </button> <button class="win-button win-button--info win-button--normal">
        <div class="win-button__content"><span class="win-button__text">
        反选
      </span></div>
      </button></div>
  </div>
  <div>
    <div class="win-checkbox-group">
      <div class="win-cell-group win-hairline--top-bottom">
        <div role="button" tabindex="0" class="win-cell win-cell--clickable">
          <div class="win-cell__title"><span>复选框 a</span></div>
          <div role="checkbox" tabindex="0" aria-checked="false" class="win-checkbox">
            <div class="win-checkbox__icon win-checkbox__icon--round"><i class="win-icon win-icon-success">
                <!----></i></div>
          </div>
        </div>
        <div role="button" tabindex="0" class="win-cell win-cell--clickable">
          <div class="win-cell__title"><span>复选框 b</span></div>
          <div role="checkbox" tabindex="0" aria-checked="false" class="win-checkbox">
            <div class="win-checkbox__icon win-checkbox__icon--round"><i class="win-icon win-icon-success">
                <!----></i></div>
          </div>
        </div>
      </div>
    </div>
  </div>
</div>
`;
