// Jest Snapshot v1, https://goo.gl/fbAQLP

exports[`size prop 1`] = `<div class="win-loading win-loading--circular"><span class="win-loading__spinner win-loading__spinner--circular" style="width: 20px; height: 20px;"><svg viewBox="25 25 50 50" class="win-loading__circular"><circle cx="50" cy="50" r="20" fill="none"></circle></svg></span></div>`;

exports[`text-size prop 1`] = `<div class="win-loading win-loading--circular"><span class="win-loading__spinner win-loading__spinner--circular"><svg viewBox="25 25 50 50" class="win-loading__circular"><circle cx="50" cy="50" r="20" fill="none"></circle></svg></span><span class="win-loading__text" style="font-size: 20px;">Text</span></div>`;
