// Jest Snapshot v1, https://goo.gl/fbAQLP

exports[`renders demo correctly 1`] = `
<div>
  <div>
    <div role="alert" class="win-notice-bar"><i class="win-icon win-icon-volume-o win-notice-bar__left-icon">
        <!----></i>
      <div role="marquee" class="win-notice-bar__wrap">
        <div class="win-notice-bar__content" style="transition-duration: 0s;">足协杯战线连续第2年上演广州德比战，上赛季半决赛上恒大以两回合5-3的总比分淘汰富力。</div>
      </div>
    </div>
  </div>
  <div>
    <div role="alert" class="win-notice-bar">
      <div role="marquee" class="win-notice-bar__wrap">
        <div class="win-notice-bar__content win-ellipsis" style="transition-duration: 0s;">足协杯战线连续第2年上演广州德比战，上赛季半决赛上恒大以两回合5-3的总比分淘汰富力。</div>
      </div>
    </div>
  </div>
  <div>
    <div role="alert" class="win-notice-bar win-notice-bar--wrapable">
      <div role="marquee" class="win-notice-bar__wrap">
        <div class="win-notice-bar__content" style="transition-duration: 0s;">足协杯战线连续第2年上演广州德比战，上赛季半决赛上恒大以两回合5-3的总比分淘汰富力。</div>
      </div>
    </div>
  </div>
  <div>
    <div role="alert" class="win-notice-bar">
      <div role="marquee" class="win-notice-bar__wrap">
        <div class="win-notice-bar__content" style="transition-duration: 0s;">足协杯战线连续第2年上演广州德比战，上赛季半决赛上恒大以两回合5-3的总比分淘汰富力。</div>
      </div><i class="win-icon win-icon-cross win-notice-bar__right-icon">
        <!----></i>
    </div>
    <div role="alert" class="win-notice-bar">
      <div role="marquee" class="win-notice-bar__wrap">
        <div class="win-notice-bar__content" style="transition-duration: 0s;">足协杯战线连续第2年上演广州德比战，上赛季半决赛上恒大以两回合5-3的总比分淘汰富力。</div>
      </div><i class="win-icon win-icon-arrow win-notice-bar__right-icon">
        <!----></i>
    </div>
  </div>
  <div>
    <div role="alert" class="win-notice-bar" style="color: rgb(25, 137, 250); background: rgb(236, 249, 255);"><i class="win-icon win-icon-info-o win-notice-bar__left-icon">
        <!----></i>
      <div role="marquee" class="win-notice-bar__wrap">
        <div class="win-notice-bar__content" style="transition-duration: 0s;">足协杯战线连续第2年上演广州德比战，上赛季半决赛上恒大以两回合5-3的总比分淘汰富力。</div>
      </div>
    </div>
  </div>
  <div>
    <div role="alert" class="win-notice-bar"><i class="win-icon win-icon-volume-o win-notice-bar__left-icon">
        <!----></i>
      <div role="marquee" class="win-notice-bar__wrap">
        <div class="win-notice-bar__content win-ellipsis" style="transition-duration: 0s;">
          <div class="notice-swipe win-swipe">
            <div class="win-swipe__track win-swipe__track--vertical" style="height: 0px; transition-duration: 0ms; transform: translateY(0px);">
              <div class="win-swipe-item" style="height: 0px;">内容 1</div>
              <div class="win-swipe-item" style="height: 0px;">内容 2</div>
              <div class="win-swipe-item" style="height: 0px;">内容 3</div>
            </div>
          </div>
        </div>
      </div>
    </div>
  </div>
</div>
`;
