// Jest Snapshot v1, https://goo.gl/fbAQLP

exports[`renders demo correctly 1`] = `
<div>
  <div>
    <div class="win-empty">
      <div class="win-empty__image"><img src="https://img.yzcdn.cn/vant/empty-image-default.png"></div>
      <p class="win-empty__description">描述文字</p>
    </div>
  </div>
  <div>
    <div class="win-tabs win-tabs--line">
      <div class="win-tabs__wrap win-hairline--top-bottom">
        <div role="tablist" class="win-tabs__nav win-tabs__nav--line">
          <div role="tab" aria-selected="true" class="win-tab win-tab--active"><span class="win-tab__text win-tab__text--ellipsis">通用错误</span></div>
          <div role="tab" class="win-tab"><span class="win-tab__text win-tab__text--ellipsis">网络错误</span></div>
          <div role="tab" class="win-tab"><span class="win-tab__text win-tab__text--ellipsis">搜索提示</span></div>
          <div class="win-tabs__line" style="width: 0px; transform: translateX(0px) translateX(-50%);"></div>
        </div>
      </div>
      <div class="win-tabs__content">
        <div role="tabpanel" class="win-tab__pane" style="">
          <div class="win-empty">
            <div class="win-empty__image"><img src="https://img.yzcdn.cn/vant/empty-image-error.png"></div>
            <p class="win-empty__description">描述文字</p>
          </div>
        </div>
        <div role="tabpanel" class="win-tab__pane" style="display: none;">
          <!---->
        </div>
        <div role="tabpanel" class="win-tab__pane" style="display: none;">
          <!---->
        </div>
      </div>
    </div>
  </div>
  <div>
    <div class="custom-image win-empty">
      <div class="win-empty__image"><img src="https://img.yzcdn.cn/vant/custom-empty-image.png"></div>
      <p class="win-empty__description">描述文字</p>
    </div>
  </div>
  <div>
    <div class="win-empty">
      <div class="win-empty__image"><img src="https://img.yzcdn.cn/vant/empty-image-default.png"></div>
      <p class="win-empty__description">描述文字</p>
      <div class="win-empty__bottom"><button class="bottom-button win-button win-button--danger win-button--normal win-button--round">
          <div class="win-button__content"><span class="win-button__text">
        按钮
      </span></div>
        </button></div>
    </div>
  </div>
</div>
`;
