// Jest Snapshot v1, https://goo.gl/fbAQLP

exports[`renders demo correctly 1`] = `
<div>
  <div>
    <div class="win-collapse win-hairline--top-bottom">
      <div class="win-collapse-item">
        <div role="button" tabindex="0" aria-expanded="true" class="win-cell win-cell--clickable win-collapse-item__title win-collapse-item__title--expanded">
          <div class="win-cell__title"><span>标题1</span></div><i class="win-icon win-icon-arrow win-cell__right-icon">
            <!----></i>
        </div>
        <div class="win-collapse-item__wrapper">
          <div class="win-collapse-item__content">
            代码是写出来给人看的，附带能在机器上运行
          </div>
        </div>
      </div>
      <div class="win-collapse-item win-collapse-item--border">
        <div role="button" tabindex="0" aria-expanded="false" class="win-cell win-cell--clickable win-collapse-item__title">
          <div class="win-cell__title"><span>标题2</span></div><i class="win-icon win-icon-arrow win-cell__right-icon">
            <!----></i>
        </div>
      </div>
      <div class="win-collapse-item win-collapse-item--border">
        <div role="button" tabindex="-1" aria-expanded="false" class="win-cell win-cell--clickable win-collapse-item__title win-collapse-item__title--disabled">
          <div class="win-cell__title"><span>标题3</span></div><i class="win-icon win-icon-arrow win-cell__right-icon">
            <!----></i>
        </div>
      </div>
    </div>
  </div>
  <div>
    <div class="win-collapse win-hairline--top-bottom">
      <div class="win-collapse-item">
        <div role="button" tabindex="0" aria-expanded="true" class="win-cell win-cell--clickable win-collapse-item__title win-collapse-item__title--expanded">
          <div class="win-cell__title"><span>标题1</span></div><i class="win-icon win-icon-arrow win-cell__right-icon">
            <!----></i>
        </div>
        <div class="win-collapse-item__wrapper">
          <div class="win-collapse-item__content">
            代码是写出来给人看的，附带能在机器上运行
          </div>
        </div>
      </div>
      <div class="win-collapse-item win-collapse-item--border">
        <div role="button" tabindex="0" aria-expanded="false" class="win-cell win-cell--clickable win-collapse-item__title">
          <div class="win-cell__title"><span>标题2</span></div><i class="win-icon win-icon-arrow win-cell__right-icon">
            <!----></i>
        </div>
      </div>
      <div class="win-collapse-item win-collapse-item--border">
        <div role="button" tabindex="0" aria-expanded="false" class="win-cell win-cell--clickable win-collapse-item__title">
          <div class="win-cell__title"><span>标题3</span></div><i class="win-icon win-icon-arrow win-cell__right-icon">
            <!----></i>
        </div>
      </div>
    </div>
  </div>
  <div>
    <div class="win-collapse win-hairline--top-bottom">
      <div class="win-collapse-item">
        <div role="button" tabindex="0" aria-expanded="false" class="win-cell win-cell--clickable win-collapse-item__title">
          <div class="win-cell__title">
            标题1<i class="win-icon win-icon-question-o">
              <!----></i></div><i class="win-icon win-icon-arrow win-cell__right-icon">
            <!----></i>
        </div>
      </div>
      <div class="win-collapse-item win-collapse-item--border">
        <div role="button" tabindex="0" aria-expanded="false" class="win-cell win-cell--clickable win-collapse-item__title"><i class="win-icon win-icon-shop-o win-cell__left-icon">
            <!----></i>
          <div class="win-cell__title"><span>标题2</span></div>
          <div class="win-cell__value"><span>内容</span></div><i class="win-icon win-icon-arrow win-cell__right-icon">
            <!----></i>
        </div>
      </div>
    </div>
  </div>
</div>
`;
