// Jest Snapshot v1, https://goo.gl/fbAQLP

exports[`renders demo correctly 1`] = `
<div>
  <div class="win-tabs win-tabs--line">
    <div class="win-tabs__wrap win-hairline--top-bottom">
      <div role="tablist" class="win-tabs__nav win-tabs__nav--line">
        <div role="tab" aria-selected="true" class="win-tab win-tab--active"><span class="win-tab__text win-tab__text--ellipsis">基础用法</span></div>
        <div role="tab" class="win-tab"><span class="win-tab__text win-tab__text--ellipsis">错误提示</span></div>
        <div role="tab" class="win-tab"><span class="win-tab__text win-tab__text--ellipsis">下拉刷新</span></div>
        <div class="win-tabs__line" style="width: 0px; transform: translateX(0px) translateX(-50%);"></div>
      </div>
    </div>
    <div class="win-tabs__content">
      <div role="tabpanel" class="win-tab__pane" style="">
        <div role="feed" class="win-list" aria-busy="true">
          <div class="win-list__loading">
            <div class="win-loading win-loading--circular"><span class="win-loading__spinner win-loading__spinner--circular" style="width: 16px; height: 16px;"><svg viewBox="25 25 50 50" class="win-loading__circular"><circle cx="50" cy="50" r="20" fill="none"></circle></svg></span><span class="win-loading__text">加载中...</span></div>
          </div>
          <div class="win-list__placeholder"></div>
        </div>
      </div>
      <div role="tabpanel" class="win-tab__pane" style="display: none;">
        <!---->
      </div>
      <div role="tabpanel" class="win-tab__pane" style="display: none;">
        <!---->
      </div>
    </div>
  </div>
</div>
`;
