// Jest Snapshot v1, https://goo.gl/fbAQLP

exports[`renders demo correctly 1`] = `
<div>
  <div>
    <div role="button" tabindex="0" class="win-cell win-cell--clickable">
      <div class="win-cell__title"><span>选择单个日期</span></div><i class="win-icon win-icon-arrow win-cell__right-icon">
        <!----></i>
    </div>
    <div role="button" tabindex="0" class="win-cell win-cell--clickable">
      <div class="win-cell__title"><span>选择多个日期</span></div><i class="win-icon win-icon-arrow win-cell__right-icon">
        <!----></i>
    </div>
    <div role="button" tabindex="0" class="win-cell win-cell--clickable">
      <div class="win-cell__title"><span>选择日期区间</span></div><i class="win-icon win-icon-arrow win-cell__right-icon">
        <!----></i>
    </div>
  </div>
  <div>
    <div role="button" tabindex="0" class="win-cell win-cell--clickable">
      <div class="win-cell__title"><span>选择单个日期</span></div><i class="win-icon win-icon-arrow win-cell__right-icon">
        <!----></i>
    </div>
    <div role="button" tabindex="0" class="win-cell win-cell--clickable">
      <div class="win-cell__title"><span>选择日期区间</span></div><i class="win-icon win-icon-arrow win-cell__right-icon">
        <!----></i>
    </div>
  </div>
  <div>
    <div role="button" tabindex="0" class="win-cell win-cell--clickable">
      <div class="win-cell__title"><span>自定义颜色</span></div><i class="win-icon win-icon-arrow win-cell__right-icon">
        <!----></i>
    </div>
    <div role="button" tabindex="0" class="win-cell win-cell--clickable">
      <div class="win-cell__title"><span>自定义日期范围</span></div><i class="win-icon win-icon-arrow win-cell__right-icon">
        <!----></i>
    </div>
    <div role="button" tabindex="0" class="win-cell win-cell--clickable">
      <div class="win-cell__title"><span>自定义按钮文字</span></div><i class="win-icon win-icon-arrow win-cell__right-icon">
        <!----></i>
    </div>
    <div role="button" tabindex="0" class="win-cell win-cell--clickable">
      <div class="win-cell__title"><span>自定义日期文案</span></div><i class="win-icon win-icon-arrow win-cell__right-icon">
        <!----></i>
    </div>
    <div role="button" tabindex="0" class="win-cell win-cell--clickable">
      <div class="win-cell__title"><span>自定义弹出位置</span></div><i class="win-icon win-icon-arrow win-cell__right-icon">
        <!----></i>
    </div>
    <div role="button" tabindex="0" class="win-cell win-cell--clickable">
      <div class="win-cell__title"><span>日期区间最大范围</span></div><i class="win-icon win-icon-arrow win-cell__right-icon">
        <!----></i>
    </div>
  </div>
  <div>
    <div class="win-calendar" style="height: 500px;">
      <div class="win-calendar__header">
        <div class="win-calendar__header-title">日历</div>
        <div class="win-calendar__header-subtitle">2012年1月</div>
        <div class="win-calendar__weekdays"><span class="win-calendar__weekday">日</span><span class="win-calendar__weekday">一</span><span class="win-calendar__weekday">二</span><span class="win-calendar__weekday">三</span><span class="win-calendar__weekday">四</span><span class="win-calendar__weekday">五</span><span class="win-calendar__weekday">六</span></div>
      </div>
      <div class="win-calendar__body">
        <div class="win-calendar__month" style="padding-bottom: 320px;">
          <div role="grid" class="win-calendar__days">
            <div class="win-calendar__month-mark">1</div>
            <div role="gridcell" class="win-calendar__day win-calendar__day--disabled" style="margin-left: 0%;">1</div>
            <div role="gridcell" class="win-calendar__day win-calendar__day--disabled">2</div>
            <div role="gridcell" class="win-calendar__day win-calendar__day--disabled">3</div>
            <div role="gridcell" class="win-calendar__day win-calendar__day--disabled">4</div>
            <div role="gridcell" class="win-calendar__day win-calendar__day--disabled">5</div>
            <div role="gridcell" class="win-calendar__day win-calendar__day--disabled">6</div>
            <div role="gridcell" class="win-calendar__day win-calendar__day--disabled">7</div>
            <div role="gridcell" class="win-calendar__day win-calendar__day--disabled">8</div>
            <div role="gridcell" class="win-calendar__day win-calendar__day--disabled">9</div>
            <div role="gridcell" tabindex="-1" class="win-calendar__day">
              <div class="win-calendar__selected-day">10</div>
            </div>
            <div role="gridcell" tabindex="-1" class="win-calendar__day">11</div>
            <div role="gridcell" tabindex="-1" class="win-calendar__day">12</div>
            <div role="gridcell" tabindex="-1" class="win-calendar__day">13</div>
            <div role="gridcell" tabindex="-1" class="win-calendar__day">14</div>
            <div role="gridcell" tabindex="-1" class="win-calendar__day">15</div>
            <div role="gridcell" tabindex="-1" class="win-calendar__day">16</div>
            <div role="gridcell" tabindex="-1" class="win-calendar__day">17</div>
            <div role="gridcell" tabindex="-1" class="win-calendar__day">18</div>
            <div role="gridcell" tabindex="-1" class="win-calendar__day">19</div>
            <div role="gridcell" tabindex="-1" class="win-calendar__day">20</div>
            <div role="gridcell" tabindex="-1" class="win-calendar__day">21</div>
            <div role="gridcell" tabindex="-1" class="win-calendar__day">22</div>
            <div role="gridcell" tabindex="-1" class="win-calendar__day">23</div>
            <div role="gridcell" tabindex="-1" class="win-calendar__day">24</div>
            <div role="gridcell" tabindex="-1" class="win-calendar__day">25</div>
            <div role="gridcell" tabindex="-1" class="win-calendar__day">26</div>
            <div role="gridcell" tabindex="-1" class="win-calendar__day">27</div>
            <div role="gridcell" tabindex="-1" class="win-calendar__day">28</div>
            <div role="gridcell" tabindex="-1" class="win-calendar__day">29</div>
            <div role="gridcell" tabindex="-1" class="win-calendar__day">30</div>
            <div role="gridcell" tabindex="-1" class="win-calendar__day">31</div>
          </div>
        </div>
        <div class="win-calendar__month" style="padding-bottom: 320px;">
          <div class="win-calendar__month-title">2012年2月</div>
          <div role="grid" class="win-calendar__days">
            <div class="win-calendar__month-mark">2</div>
            <div role="gridcell" tabindex="-1" class="win-calendar__day" style="margin-left: 42.857142857142854%;">1</div>
            <div role="gridcell" tabindex="-1" class="win-calendar__day">2</div>
            <div role="gridcell" tabindex="-1" class="win-calendar__day">3</div>
            <div role="gridcell" tabindex="-1" class="win-calendar__day">4</div>
            <div role="gridcell" tabindex="-1" class="win-calendar__day">5</div>
            <div role="gridcell" tabindex="-1" class="win-calendar__day">6</div>
            <div role="gridcell" tabindex="-1" class="win-calendar__day">7</div>
            <div role="gridcell" tabindex="-1" class="win-calendar__day">8</div>
            <div role="gridcell" tabindex="-1" class="win-calendar__day">9</div>
            <div role="gridcell" tabindex="-1" class="win-calendar__day">10</div>
            <div role="gridcell" tabindex="-1" class="win-calendar__day">11</div>
            <div role="gridcell" tabindex="-1" class="win-calendar__day">12</div>
            <div role="gridcell" tabindex="-1" class="win-calendar__day">13</div>
            <div role="gridcell" tabindex="-1" class="win-calendar__day">14</div>
            <div role="gridcell" tabindex="-1" class="win-calendar__day">15</div>
            <div role="gridcell" tabindex="-1" class="win-calendar__day">16</div>
            <div role="gridcell" tabindex="-1" class="win-calendar__day">17</div>
            <div role="gridcell" tabindex="-1" class="win-calendar__day">18</div>
            <div role="gridcell" tabindex="-1" class="win-calendar__day">19</div>
            <div role="gridcell" tabindex="-1" class="win-calendar__day">20</div>
            <div role="gridcell" tabindex="-1" class="win-calendar__day">21</div>
            <div role="gridcell" tabindex="-1" class="win-calendar__day">22</div>
            <div role="gridcell" tabindex="-1" class="win-calendar__day">23</div>
            <div role="gridcell" tabindex="-1" class="win-calendar__day">24</div>
            <div role="gridcell" tabindex="-1" class="win-calendar__day">25</div>
            <div role="gridcell" tabindex="-1" class="win-calendar__day">26</div>
            <div role="gridcell" tabindex="-1" class="win-calendar__day">27</div>
            <div role="gridcell" tabindex="-1" class="win-calendar__day">28</div>
            <div role="gridcell" tabindex="-1" class="win-calendar__day">29</div>
          </div>
        </div>
        <div class="win-calendar__month" style="padding-bottom: 320px;">
          <div class="win-calendar__month-title">2012年3月</div>
          <div role="grid" class="win-calendar__days">
            <div class="win-calendar__month-mark">3</div>
            <div role="gridcell" tabindex="-1" class="win-calendar__day" style="margin-left: 57.142857142857146%;">1</div>
            <div role="gridcell" tabindex="-1" class="win-calendar__day">2</div>
            <div role="gridcell" tabindex="-1" class="win-calendar__day">3</div>
            <div role="gridcell" tabindex="-1" class="win-calendar__day">4</div>
            <div role="gridcell" tabindex="-1" class="win-calendar__day">5</div>
            <div role="gridcell" tabindex="-1" class="win-calendar__day">6</div>
            <div role="gridcell" tabindex="-1" class="win-calendar__day">7</div>
            <div role="gridcell" tabindex="-1" class="win-calendar__day">8</div>
            <div role="gridcell" tabindex="-1" class="win-calendar__day">9</div>
            <div role="gridcell" tabindex="-1" class="win-calendar__day">10</div>
            <div role="gridcell" tabindex="-1" class="win-calendar__day">11</div>
            <div role="gridcell" tabindex="-1" class="win-calendar__day">12</div>
            <div role="gridcell" tabindex="-1" class="win-calendar__day">13</div>
            <div role="gridcell" tabindex="-1" class="win-calendar__day">14</div>
            <div role="gridcell" tabindex="-1" class="win-calendar__day">15</div>
            <div role="gridcell" tabindex="-1" class="win-calendar__day">16</div>
            <div role="gridcell" tabindex="-1" class="win-calendar__day">17</div>
            <div role="gridcell" tabindex="-1" class="win-calendar__day">18</div>
            <div role="gridcell" tabindex="-1" class="win-calendar__day">19</div>
            <div role="gridcell" tabindex="-1" class="win-calendar__day">20</div>
            <div role="gridcell" class="win-calendar__day win-calendar__day--disabled">21</div>
            <div role="gridcell" class="win-calendar__day win-calendar__day--disabled">22</div>
            <div role="gridcell" class="win-calendar__day win-calendar__day--disabled">23</div>
            <div role="gridcell" class="win-calendar__day win-calendar__day--disabled">24</div>
            <div role="gridcell" class="win-calendar__day win-calendar__day--disabled">25</div>
            <div role="gridcell" class="win-calendar__day win-calendar__day--disabled">26</div>
            <div role="gridcell" class="win-calendar__day win-calendar__day--disabled">27</div>
            <div role="gridcell" class="win-calendar__day win-calendar__day--disabled">28</div>
            <div role="gridcell" class="win-calendar__day win-calendar__day--disabled">29</div>
            <div role="gridcell" class="win-calendar__day win-calendar__day--disabled">30</div>
            <div role="gridcell" class="win-calendar__day win-calendar__day--disabled">31</div>
          </div>
        </div>
      </div>
      <div class="win-calendar__footer"></div>
    </div>
  </div>
  <!---->
</div>
`;
