// Jest Snapshot v1, https://goo.gl/fbAQLP

exports[`filter prop 1`] = `
<div class="win-picker">
  <div class="win-picker__toolbar"><button type="button" class="win-picker__cancel">取消</button><button type="button" class="win-picker__confirm">确认</button></div>
  <!---->
  <div class="win-picker__columns" style="height: 220px;">
    <div class="win-picker-column">
      <ul class="win-picker-column__wrapper" style="transform: translate3d(0, 88px, 0); transition-duration: 0ms; transition-property: none;">
        <li role="button" tabindex="0" class="win-picker-column__item win-picker-column__item--selected" style="height: 44px;">
          <div class="win-ellipsis">2020</div>
        </li>
      </ul>
    </div>
    <div class="win-picker-column">
      <ul class="win-picker-column__wrapper" style="transform: translate3d(0, 88px, 0); transition-duration: 0ms; transition-property: none;">
        <li role="button" tabindex="0" class="win-picker-column__item win-picker-column__item--selected" style="height: 44px;">
          <div class="win-ellipsis">05</div>
        </li>
        <li role="button" tabindex="0" class="win-picker-column__item" style="height: 44px;">
          <div class="win-ellipsis">10</div>
        </li>
      </ul>
    </div>
    <div class="win-picker-column">
      <ul class="win-picker-column__wrapper" style="transform: translate3d(0, 88px, 0); transition-duration: 0ms; transition-property: none;">
        <li role="button" tabindex="0" class="win-picker-column__item win-picker-column__item--selected" style="height: 44px;">
          <div class="win-ellipsis">05</div>
        </li>
        <li role="button" tabindex="0" class="win-picker-column__item" style="height: 44px;">
          <div class="win-ellipsis">10</div>
        </li>
        <li role="button" tabindex="0" class="win-picker-column__item" style="height: 44px;">
          <div class="win-ellipsis">15</div>
        </li>
        <li role="button" tabindex="0" class="win-picker-column__item" style="height: 44px;">
          <div class="win-ellipsis">20</div>
        </li>
        <li role="button" tabindex="0" class="win-picker-column__item" style="height: 44px;">
          <div class="win-ellipsis">25</div>
        </li>
        <li role="button" tabindex="0" class="win-picker-column__item" style="height: 44px;">
          <div class="win-ellipsis">30</div>
        </li>
      </ul>
    </div>
    <div class="win-picker-column">
      <ul class="win-picker-column__wrapper" style="transform: translate3d(0, 88px, 0); transition-duration: 0ms; transition-property: none;">
        <li role="button" tabindex="0" class="win-picker-column__item win-picker-column__item--selected" style="height: 44px;">
          <div class="win-ellipsis">00</div>
        </li>
        <li role="button" tabindex="0" class="win-picker-column__item" style="height: 44px;">
          <div class="win-ellipsis">05</div>
        </li>
        <li role="button" tabindex="0" class="win-picker-column__item" style="height: 44px;">
          <div class="win-ellipsis">10</div>
        </li>
        <li role="button" tabindex="0" class="win-picker-column__item" style="height: 44px;">
          <div class="win-ellipsis">15</div>
        </li>
        <li role="button" tabindex="0" class="win-picker-column__item" style="height: 44px;">
          <div class="win-ellipsis">20</div>
        </li>
      </ul>
    </div>
    <div class="win-picker-column">
      <ul class="win-picker-column__wrapper" style="transform: translate3d(0, 88px, 0); transition-duration: 0ms; transition-property: none;">
        <li role="button" tabindex="0" class="win-picker-column__item win-picker-column__item--selected" style="height: 44px;">
          <div class="win-ellipsis">00</div>
        </li>
        <li role="button" tabindex="0" class="win-picker-column__item" style="height: 44px;">
          <div class="win-ellipsis">05</div>
        </li>
        <li role="button" tabindex="0" class="win-picker-column__item" style="height: 44px;">
          <div class="win-ellipsis">10</div>
        </li>
        <li role="button" tabindex="0" class="win-picker-column__item" style="height: 44px;">
          <div class="win-ellipsis">15</div>
        </li>
        <li role="button" tabindex="0" class="win-picker-column__item" style="height: 44px;">
          <div class="win-ellipsis">20</div>
        </li>
        <li role="button" tabindex="0" class="win-picker-column__item" style="height: 44px;">
          <div class="win-ellipsis">25</div>
        </li>
        <li role="button" tabindex="0" class="win-picker-column__item" style="height: 44px;">
          <div class="win-ellipsis">30</div>
        </li>
        <li role="button" tabindex="0" class="win-picker-column__item" style="height: 44px;">
          <div class="win-ellipsis">35</div>
        </li>
        <li role="button" tabindex="0" class="win-picker-column__item" style="height: 44px;">
          <div class="win-ellipsis">40</div>
        </li>
        <li role="button" tabindex="0" class="win-picker-column__item" style="height: 44px;">
          <div class="win-ellipsis">45</div>
        </li>
        <li role="button" tabindex="0" class="win-picker-column__item" style="height: 44px;">
          <div class="win-ellipsis">50</div>
        </li>
        <li role="button" tabindex="0" class="win-picker-column__item" style="height: 44px;">
          <div class="win-ellipsis">55</div>
        </li>
      </ul>
    </div>
    <div class="win-picker__mask" style="background-size: 100% 88px;"></div>
    <div class="win-hairline-unset--top-bottom win-picker__frame" style="height: 44px;"></div>
  </div>
  <!---->
</div>
`;

exports[`formatter prop 1`] = `
<div class="win-picker">
  <div class="win-picker__toolbar"><button type="button" class="win-picker__cancel">取消</button><button type="button" class="win-picker__confirm">确认</button></div>
  <!---->
  <div class="win-picker__columns" style="height: 220px;">
    <div class="win-picker-column">
      <ul class="win-picker-column__wrapper" style="transform: translate3d(0, 88px, 0); transition-duration: 0ms; transition-property: none;">
        <li role="button" tabindex="0" class="win-picker-column__item win-picker-column__item--selected" style="height: 44px;">
          <div class="win-ellipsis">2010 year</div>
        </li>
        <li role="button" tabindex="0" class="win-picker-column__item" style="height: 44px;">
          <div class="win-ellipsis">2020 year</div>
        </li>
      </ul>
    </div>
    <div class="win-picker-column">
      <ul class="win-picker-column__wrapper" style="transform: translate3d(0, 88px, 0); transition-duration: 0ms; transition-property: none;">
        <li role="button" tabindex="0" class="win-picker-column__item win-picker-column__item--selected" style="height: 44px;">
          <div class="win-ellipsis">05 month</div>
        </li>
        <li role="button" tabindex="0" class="win-picker-column__item" style="height: 44px;">
          <div class="win-ellipsis">10 month</div>
        </li>
      </ul>
    </div>
    <div class="win-picker-column">
      <ul class="win-picker-column__wrapper" style="transform: translate3d(0, 88px, 0); transition-duration: 0ms; transition-property: none;">
        <li role="button" tabindex="0" class="win-picker-column__item win-picker-column__item--selected" style="height: 44px;">
          <div class="win-ellipsis">05 day</div>
        </li>
        <li role="button" tabindex="0" class="win-picker-column__item" style="height: 44px;">
          <div class="win-ellipsis">10 day</div>
        </li>
        <li role="button" tabindex="0" class="win-picker-column__item" style="height: 44px;">
          <div class="win-ellipsis">15 day</div>
        </li>
        <li role="button" tabindex="0" class="win-picker-column__item" style="height: 44px;">
          <div class="win-ellipsis">20 day</div>
        </li>
        <li role="button" tabindex="0" class="win-picker-column__item" style="height: 44px;">
          <div class="win-ellipsis">25 day</div>
        </li>
        <li role="button" tabindex="0" class="win-picker-column__item" style="height: 44px;">
          <div class="win-ellipsis">30 day</div>
        </li>
      </ul>
    </div>
    <div class="win-picker-column">
      <ul class="win-picker-column__wrapper" style="transform: translate3d(0, 88px, 0); transition-duration: 0ms; transition-property: none;">
        <li role="button" tabindex="0" class="win-picker-column__item win-picker-column__item--selected" style="height: 44px;">
          <div class="win-ellipsis">00 hour</div>
        </li>
        <li role="button" tabindex="0" class="win-picker-column__item" style="height: 44px;">
          <div class="win-ellipsis">05 hour</div>
        </li>
        <li role="button" tabindex="0" class="win-picker-column__item" style="height: 44px;">
          <div class="win-ellipsis">10 hour</div>
        </li>
        <li role="button" tabindex="0" class="win-picker-column__item" style="height: 44px;">
          <div class="win-ellipsis">15 hour</div>
        </li>
        <li role="button" tabindex="0" class="win-picker-column__item" style="height: 44px;">
          <div class="win-ellipsis">20 hour</div>
        </li>
      </ul>
    </div>
    <div class="win-picker-column">
      <ul class="win-picker-column__wrapper" style="transform: translate3d(0, 88px, 0); transition-duration: 0ms; transition-property: none;">
        <li role="button" tabindex="0" class="win-picker-column__item win-picker-column__item--selected" style="height: 44px;">
          <div class="win-ellipsis">00 minute</div>
        </li>
        <li role="button" tabindex="0" class="win-picker-column__item" style="height: 44px;">
          <div class="win-ellipsis">05 minute</div>
        </li>
        <li role="button" tabindex="0" class="win-picker-column__item" style="height: 44px;">
          <div class="win-ellipsis">10 minute</div>
        </li>
        <li role="button" tabindex="0" class="win-picker-column__item" style="height: 44px;">
          <div class="win-ellipsis">15 minute</div>
        </li>
        <li role="button" tabindex="0" class="win-picker-column__item" style="height: 44px;">
          <div class="win-ellipsis">20 minute</div>
        </li>
        <li role="button" tabindex="0" class="win-picker-column__item" style="height: 44px;">
          <div class="win-ellipsis">25 minute</div>
        </li>
        <li role="button" tabindex="0" class="win-picker-column__item" style="height: 44px;">
          <div class="win-ellipsis">30 minute</div>
        </li>
        <li role="button" tabindex="0" class="win-picker-column__item" style="height: 44px;">
          <div class="win-ellipsis">35 minute</div>
        </li>
        <li role="button" tabindex="0" class="win-picker-column__item" style="height: 44px;">
          <div class="win-ellipsis">40 minute</div>
        </li>
        <li role="button" tabindex="0" class="win-picker-column__item" style="height: 44px;">
          <div class="win-ellipsis">45 minute</div>
        </li>
        <li role="button" tabindex="0" class="win-picker-column__item" style="height: 44px;">
          <div class="win-ellipsis">50 minute</div>
        </li>
        <li role="button" tabindex="0" class="win-picker-column__item" style="height: 44px;">
          <div class="win-ellipsis">55 minute</div>
        </li>
      </ul>
    </div>
    <div class="win-picker__mask" style="background-size: 100% 88px;"></div>
    <div class="win-hairline-unset--top-bottom win-picker__frame" style="height: 44px;"></div>
  </div>
  <!---->
</div>
`;
