// Jest Snapshot v1, https://goo.gl/fbAQLP

exports[`renders demo correctly 1`] = `
<div>
  <div>
    <div>
      <div class="win-swipe-cell">
        <div class="win-swipe-cell__wrapper" style="transform: translate3d(0px, 0, 0); transition-duration: .6s;">
          <div class="win-swipe-cell__left"><button class="win-button win-button--primary win-button--normal win-button--square">
              <div class="win-button__content"><span class="win-button__text">选择</span></div>
            </button></div>
          <div class="win-cell win-cell--borderless">
            <div class="win-cell__title"><span>单元格</span></div>
            <div class="win-cell__value"><span>内容</span></div>
          </div>
          <div class="win-swipe-cell__right"><button class="win-button win-button--danger win-button--normal win-button--square">
              <div class="win-button__content"><span class="win-button__text">删除</span></div>
            </button> <button class="win-button win-button--primary win-button--normal win-button--square">
              <div class="win-button__content"><span class="win-button__text">收藏</span></div>
            </button></div>
        </div>
      </div>
    </div>
    <div>
      <div class="win-swipe-cell">
        <div class="win-swipe-cell__wrapper" style="transform: translate3d(0px, 0, 0); transition-duration: .6s;">
          <div class="win-card">
            <div class="win-card__header"><a class="win-card__thumb">
                <div class="win-image" style="width: 100%; height: 100%;"><img src="https://img.yzcdn.cn/vant/ipad.jpeg" class="win-image__img" style="object-fit: cover;">
                  <div class="win-image__loading"><i class="win-icon win-icon-photo-o win-image__loading-icon">
                      <!----></i></div>
                </div>
              </a>
              <div class="win-card__content">
                <div>
                  <div class="win-card__title win-multi-ellipsis--l2">商品标题</div>
                  <div class="win-card__desc win-ellipsis">描述信息</div>
                </div>
                <div class="win-card__bottom">
                  <div class="win-card__price">
                    <div><span class="win-card__price-currency">¥</span><span class="win-card__price-integer">2</span>.<span class="win-card__price-decimal">00</span></div>
                  </div>
                  <div class="win-card__num">x2</div>
                </div>
              </div>
            </div>
          </div>
          <div class="win-swipe-cell__right"><button class="delete-button win-button win-button--danger win-button--normal win-button--square">
              <div class="win-button__content"><span class="win-button__text">删除</span></div>
            </button></div>
        </div>
      </div>
    </div>
    <div>
      <div class="win-swipe-cell">
        <div class="win-swipe-cell__wrapper" style="transform: translate3d(0px, 0, 0); transition-duration: .6s;">
          <div class="win-swipe-cell__left"><button class="win-button win-button--primary win-button--normal win-button--square">
              <div class="win-button__content"><span class="win-button__text">选择</span></div>
            </button></div>
          <div class="win-cell win-cell--borderless">
            <div class="win-cell__title"><span>单元格</span></div>
            <div class="win-cell__value"><span>内容</span></div>
          </div>
          <div class="win-swipe-cell__right"><button class="win-button win-button--danger win-button--normal win-button--square">
              <div class="win-button__content"><span class="win-button__text">删除</span></div>
            </button></div>
        </div>
      </div>
    </div>
  </div>
</div>
`;
