// Jest Snapshot v1, https://goo.gl/fbAQLP

exports[`renders demo correctly 1`] = `
<div>
  <div>
    <div role="switch" aria-checked="true" class="win-switch win-switch--on">
      <div class="win-switch__node"></div>
    </div>
  </div>
  <div>
    <div role="switch" aria-checked="true" class="win-switch win-switch--on win-switch--disabled">
      <div class="win-switch__node"></div>
    </div>
  </div>
  <div>
    <div role="switch" aria-checked="true" class="win-switch win-switch--on win-switch--loading">
      <div class="win-switch__node">
        <div class="win-loading win-loading--circular win-switch__loading"><span class="win-loading__spinner win-loading__spinner--circular"><svg viewBox="25 25 50 50" class="win-loading__circular"><circle cx="50" cy="50" r="20" fill="none"></circle></svg></span></div>
      </div>
    </div>
  </div>
  <div>
    <div role="switch" aria-checked="true" class="win-switch win-switch--on" style="font-size: 24px;">
      <div class="win-switch__node"></div>
    </div>
  </div>
  <div>
    <div role="switch" aria-checked="true" class="win-switch win-switch--on" style="background-color: rgb(7, 193, 96);">
      <div class="win-switch__node"></div>
    </div>
  </div>
  <div>
    <div role="switch" aria-checked="true" class="win-switch win-switch--on">
      <div class="win-switch__node"></div>
    </div>
  </div>
  <div>
    <div class="win-cell win-cell--center">
      <div class="win-cell__title"><span>标题</span></div>
      <div role="switch" aria-checked="true" class="win-switch win-switch--on" style="font-size: 24px;">
        <div class="win-switch__node"></div>
      </div>
    </div>
  </div>
</div>
`;
